> Task :compileJava FAILED
.\gradlew.bat : 
En línea: 1 Carácter: 1
+ .\gradlew.bat classes > build_output.txt 2>&1
+ ~~~~~~~~~~~~~~~~~~~~~~~~~~~~~~~~~~~~~~~~~~~~~
    + CategoryInfo          : NotSpecified: (:String) [], RemoteException
    + FullyQualifiedErrorId : NativeCommandError
 
FAILURE: Build failed with an exception.

* What went wrong:
Execution failed for task ':compileJava'.
> java.io.IOException: Unable to delete directory 'C:\Users\cuent\OneDrive\Nueva carpeta\OneDrive\Documents\IAS 
ejercicios\back_anajuli\build\classes\java\main'
    Failed to delete some children. This might happen because a process has files open or has its working directory 
set in the target directory.
    - C:\Users\cuent\OneDrive\Nueva carpeta\OneDrive\Documents\IAS 
ejercicios\back_anajuli\build\classes\java\main\com\ias\catalog\domain\model
    - C:\Users\cuent\OneDrive\Nueva carpeta\OneDrive\Documents\IAS 
ejercicios\back_anajuli\build\classes\java\main\com\ias\catalog\domain\port\in
    - C:\Users\cuent\OneDrive\Nueva carpeta\OneDrive\Documents\IAS 
ejercicios\back_anajuli\build\classes\java\main\com\ias\catalog\domain\port\out
    - C:\Users\cuent\OneDrive\Nueva carpeta\OneDrive\Documents\IAS 
ejercicios\back_anajuli\build\classes\java\main\com\ias\catalog\domain\port
    - C:\Users\cuent\OneDrive\Nueva carpeta\OneDrive\Documents\IAS 
ejercicios\back_anajuli\build\classes\java\main\com\ias\catalog\domain\service
    - C:\Users\cuent\OneDrive\Nueva carpeta\OneDrive\Documents\IAS 
ejercicios\back_anajuli\build\classes\java\main\com\ias\catalog\domain
    - C:\Users\cuent\OneDrive\Nueva carpeta\OneDrive\Documents\IAS 
ejercicios\back_anajuli\build\classes\java\main\com\ias\catalog\infrastructure\adapter\in\web\dto
    - C:\Users\cuent\OneDrive\Nueva carpeta\OneDrive\Documents\IAS 
ejercicios\back_anajuli\build\classes\java\main\com\ias\catalog\infrastructure\adapter\in\web
    - C:\Users\cuent\OneDrive\Nueva carpeta\OneDrive\Documents\IAS 
ejercicios\back_anajuli\build\classes\java\main\com\ias\catalog\infrastructure\adapter\in
    - C:\Users\cuent\OneDrive\Nueva carpeta\OneDrive\Documents\IAS 
ejercicios\back_anajuli\build\classes\java\main\com\ias\catalog\infrastructure\adapter\out\persistence
    - C:\Users\cuent\OneDrive\Nueva carpeta\OneDrive\Documents\IAS 
ejercicios\back_anajuli\build\classes\java\main\com\ias\catalog\infrastructure\adapter\out
    - C:\Users\cuent\OneDrive\Nueva carpeta\OneDrive\Documents\IAS 
ejercicios\back_anajuli\build\classes\java\main\com\ias\catalog\infrastructure\adapter
    - C:\Users\cuent\OneDrive\Nueva carpeta\OneDrive\Documents\IAS 
ejercicios\back_anajuli\build\classes\java\main\com\ias\catalog\infrastructure\config
    - C:\Users\cuent\OneDrive\Nueva carpeta\OneDrive\Documents\IAS 
ejercicios\back_anajuli\build\classes\java\main\com\ias\catalog\infrastructure
    - C:\Users\cuent\OneDrive\Nueva carpeta\OneDrive\Documents\IAS 
ejercicios\back_anajuli\build\classes\java\main\com\ias\catalog
    - C:\Users\cuent\OneDrive\Nueva carpeta\OneDrive\Documents\IAS 
ejercicios\back_anajuli\build\classes\java\main\com\ias
    - and more ...

* Try:
> Run with --stacktrace option to get the stack trace.
> Run with --info or --debug option to get more log output.
> Run with --scan to get full insights.
> Get more help at https://help.gradle.org.

BUILD FAILED in 5s
1 actionable task: 1 executed
